/**
* Darius Jones
* Lab 2 Task 1
* 1/30/2018
**/

Script started on Tue 30 Jan 2018 02:18:49 PM PST
darius@darius-VirtualBox:~/Desktop/Task1$ ulimit -c unlimited
darius@darius-VirtualBox:~/Desktop/Task1$ gcc -g coredump.c -o coredump
darius@darius-VirtualBox:~/Desktop/Task1$ ./coredump
The next line will cause core dump.
Floating point exception (core dumped)
darius@darius-VirtualBox:~/Desktop/Task1$ gdb coredump core
GNU gdb (Ubuntu 7.11.1-0ubuntu1~16.5) 7.11.1
Copyright (C) 2016 Free Software Foundation, Inc.
License GPLv3+: GNU GPL version 3 or later <http://gnu.org/licenses/gpl.html>
This is free software: you are free to change and redistribute it.
There is NO WARRANTY, to the extent permitted by law.  Type "show copying"
and "show warranty" for details.
This GDB was configured as "x86_64-linux-gnu".
Type "show configuration" for configuration details.
For bug reporting instructions, please see:
<http://www.gnu.org/software/gdb/bugs/>.
Find the GDB manual and other documentation resources online at:
<http://www.gnu.org/software/gdb/documentation/>.
For help, type "help".
Type "apropos word" to search for commands related to "word"...
Reading symbols from coredump...done.
[New LWP 2617]
Core was generated by `./coredump'.
Program terminated with signal SIGFPE, Arithmetic exception.
#0  0x00000000004005a9 in offensiveFunc (x=3, y=0) at coredump.c:14
14			int z = x / y;
(gdb) where
#0  0x00000000004005a9 in offensiveFunc (x=3, y=0) at coredump.c:14
#1  0x0000000000400583 in main () at coredump.c:8
(gdb) print x
$1 = 3
(gdb) print y
$2 = 0
(gdb) quit
darius@darius-VirtualBox:~/Desktop/Task1$ gccm-gpcoredump.ce-o coredumptext
darius@darius-VirtualBox:~/Desktop/Task1$ ./coredumpmpucore -o coredump
The next line will cause core dump.
Divison by zero ERROR, Aborting
darius@darius-VirtualBox:~/Desktop/Task1$ gcco-gdcoredump.c -o coredump
darius@darius-VirtualBox:~/Desktop/Task1$ ./coredumpedump.c -o coredump
The next line will cause core dump.
0
darius@darius-VirtualBox:~/Desktop/Task1$ gcco-gdcoredump.c -o coredump
darius@darius-VirtualBox:~/Desktop/Task1$ ./coredumpedump.c -o coredump
The next line will cause core dump.
0
darius@darius-VirtualBox:~/Desktop/Task1$ exit
exit

Script done on Tue 30 Jan 2018 04:04:56 PM PST
